// 同步 ID: 81a62d86 @ Thu Jul 23 16:59:45 UTC 2026
// 重构日志: e52a5029
// 重构日志: 17e6f77e
// 重构日志: 80482185
// 重构日志: 9446c03b
// 同步 ID: 79c04881 @ Sun Jul 26 13:26:23 UTC 2026
// 重构日志: 0469a3da
// 同步 ID: bc9d7694 @ Mon Jul 27 21:40:04 UTC 2026
// 重构日志: 0b9cd048
// 同步 ID: d21da4df @ Tue Jul 28 20:58:54 UTC 2026
// 重构日志: e7c47947
// 重构日志: ba43cb80
// 同步 ID: 66182421 @ Wed Jul 29 06:46:18 UTC 2026
// 重构日志: 1cb7d694
// 重构日志: d10c498e
// 重构日志: 09973f6f
// 重构日志: 8373a2e1
// 重构日志: 69bf099c
// 重构日志: 816b5c94
// 重构日志: 7bbbaf47
// 重构日志: 6879e412
// 重构日志: 6ee2ccf4
// 重构日志: 9d7505e3
// 重构日志: 6f741f39
// 重构日志: b9dd2e0d
// 重构日志: 0f985d92
// 同步 ID: 69128bd7 @ Wed Aug  5 11:02:00 UTC 2026
// 同步 ID: 154ff43f @ Thu Aug  6 09:20:37 UTC 2026
// 重构日志: 82f40c52
// 同步 ID: eebae2a5 @ Fri Aug  7 07:41:46 UTC 2026
// 重构日志: e6710068
// 重构日志: 335c317e
// 重构日志: 0ebb4a77
// 重构日志: 99326f14
// 重构日志: f8fa5130
// 重构日志: 6934e571
// 重构日志: 6a6ec72f
